// Jest Snapshot v1, https://goo.gl/fbAQLP

exports[`Should render alert with props 1`] = `
<DismissableAlert
  autoDismiss={true}
  bsStyle="info"
  content="[test content]"
  dismissMessage={[MockFunction]}
  show={true}
>
  <Alert
    className="dismissablealert component"
    closeLabel="Close alert"
    dismissible={true}
    onClose={[Function]}
    show={true}
    transition={[Function]}
  >
    <Fade
      appear={false}
      in={true}
      mountOnEnter={false}
      timeout={300}
      unmountOnExit={true}
    >
      <Transition
        addEndListener={[Function]}
        appear={false}
        enter={true}
        exit={true}
        in={true}
        mountOnEnter={false}
        onEnter={[Function]}
        onEntered={[Function]}
        onEntering={[Function]}
        onExit={[Function]}
        onExited={[Function]}
        onExiting={[Function]}
        timeout={300}
        unmountOnExit={true}
      >
        <div
          className="fade dismissablealert component alert alert-dismissible show"
          role="alert"
        >
          <CloseButton
            label="Close alert"
            onClick={[Function]}
          >
            <button
              className="close"
              onClick={[Function]}
              type="button"
            >
              <span
                aria-hidden="true"
              >
                Ã—
              </span>
              <span
                className="sr-only"
              >
                Close alert
              </span>
            </button>
          </CloseButton>
          <h4>
            [test content]
          </h4>
        </div>
      </Transition>
    </Fade>
  </Alert>
</DismissableAlert>
`;

exports[`Should render null with default props 1`] = `
<DismissableAlert
  autoDismiss={true}
  bsStyle="info"
  content=""
  dismissMessage={[MockFunction]}
  show={false}
/>
`;
