// Jest Snapshot v1, https://goo.gl/fbAQLP

exports[`Should render ExpenseDashboard correctly 1`] = `
<div>
  <h2>
    Expense Dashboard
  </h2>
  <Connect(ExpenseListFilters) />
  <Connect(ExpensesSummary) />
  <Connect(ExpenseList) />
</div>
`;
