// Jest Snapshot v1, https://goo.gl/fbAQLP

exports[`Should render header correctly 1`] = `
<header
  className="header component"
>
  <h1
    className="header-title"
  >
    React-Expensify
  </h1>
  <div
    className="header-nav"
  >
    <NavLink
      activeClassName="is-active"
      ariaCurrent="true"
      to="/dashboard"
    >
      Dashboard
    </NavLink>
     |Â 
    <NavLink
      activeClassName="is-active"
      ariaCurrent="true"
      to="/add"
    >
      Add Expense
    </NavLink>
  </div>
  <div
    className="header-auth"
  >
    <span
      className="header-auth-greeting"
    >
      Joe Blow
    </span>
    <button
      className="header-auth-btn button exit"
      onClick={[Function]}
    >
      Log out
    </button>
  </div>
</header>
`;
